source: |-
  section .data
  section .text
  start:
   read reg1
   print reg1
   jmp start
  end:
   hlt
input: |-
  asd
output: |
  source LoC: 13 code instr: 5
  ============================================================
  asd
  instr_counter:  9 ticks: 12
log: |
  DEBUG    root:machine.py:319 READ REG [1] {TICK: 0, PC: 0, ALU_RES: 0, DATA_MEM[ALU_RES]: 0, REG1: 0, REG2: 0, REG3: 0, REG4: 0}
  DEBUG    root:machine.py:319 PRINT REG [1] {TICK: 2, PC: 1, ALU_RES: 1022, DATA_MEM[ALU_RES]: 0, REG1: 97, REG2: 0, REG3: 0, REG4: 0}
  DEBUG    root:machine.py:319 JMP CONST [-2] {TICK: 3, PC: 2, ALU_RES: 1023, DATA_MEM[ALU_RES]: 97, REG1: 97, REG2: 0, REG3: 0, REG4: 0}
  DEBUG    root:machine.py:319 READ REG [1] {TICK: 4, PC: 0, ALU_RES: 0, DATA_MEM[ALU_RES]: 0, REG1: 97, REG2: 0, REG3: 0, REG4: 0}
  DEBUG    root:machine.py:319 PRINT REG [1] {TICK: 6, PC: 1, ALU_RES: 1022, DATA_MEM[ALU_RES]: 0, REG1: 115, REG2: 0, REG3: 0, REG4: 0}
  DEBUG    root:machine.py:319 JMP CONST [-2] {TICK: 7, PC: 2, ALU_RES: 1023, DATA_MEM[ALU_RES]: 115, REG1: 115, REG2: 0, REG3: 0, REG4: 0}
  DEBUG    root:machine.py:319 READ REG [1] {TICK: 8, PC: 0, ALU_RES: 0, DATA_MEM[ALU_RES]: 0, REG1: 115, REG2: 0, REG3: 0, REG4: 0}
  DEBUG    root:machine.py:319 PRINT REG [1] {TICK: 10, PC: 1, ALU_RES: 1022, DATA_MEM[ALU_RES]: 0, REG1: 100, REG2: 0, REG3: 0, REG4: 0}
  DEBUG    root:machine.py:319 JMP CONST [-2] {TICK: 11, PC: 2, ALU_RES: 1023, DATA_MEM[ALU_RES]: 100, REG1: 100, REG2: 0, REG3: 0, REG4: 0}
  DEBUG    root:machine.py:319 READ REG [1] {TICK: 12, PC: 0, ALU_RES: 0, DATA_MEM[ALU_RES]: 0, REG1: 100, REG2: 0, REG3: 0, REG4: 0}
  WARNING  root:machine.py:323 Input buffer is empty!
  INFO     root:machine.py:331 output_buffer: asd
