source: |-
  section .data
  h:
  	word 104
  e:
  	word 101
  l:
  	word 108
  o:
  	word 111
  space:
  	word 32
  w:
  	word 119
  r:
  	word 114
  d:
  	word 100
  section .text
  start:
      ld reg1, h
  	print reg1
  	ld reg1, e
  	print reg1
  	ld reg1, l
  	print reg1
  	print reg1
  	ld reg1, o
  	print reg1
  	ld reg1, space
  	print reg1
  	ld reg1, w
  	print reg1
  	ld reg1, o
  	print reg1
  	ld reg1, r
  	print reg1
  	ld reg1, l
  	print reg1
  	ld reg1, d
  	print reg1
  	hlt
input: |-
  asd
code: |-
  00000000000000000000000000001000000000000000000000000000011010000000000000000000000000000110010100000000000000000000000001101100000000000000000000000000011011110000000000000000000000000010000000000000000000000000000001110111000000000000000000000000011100100000000000000000000000000110010000010000000000000000000001001001000100000000000000000000110010110001000000000000000100000100100100010000000000000000000011001011000100000000000000100000010010010001000000000000000000001100101100010000000000000000000011001011000100000000000000110000010010010001000000000000000000001100101100010000000000000100000001001001000100000000000000000000110010110001000000000000010100000100100100010000000000000000000011001011000100000000000000110000010010010001000000000000000000001100101100010000000000000110000001001001000100000000000000000000110010110001000000000000001000000100100100010000000000000000000011001011000100000000000001110000010010010001000000000000000000001100101100000000000000000000000000000000
output: |
  source LoC: 82 code instr: 31
  ============================================================
  hello world
  instr_counter:  21 ticks: 31
log: |
  DEBUG    root:machine.py:278 LD REG_CONST [1, 0] {TICK: 0, PC: 0, ALU_RES: 0, REG1: 0, REG2: 0, REG3: 0, REG4: 0}
  DEBUG    root:machine.py:278 PRINT REG [1] {TICK: 2, PC: 1, ALU_RES: 0, REG1: 104, REG2: 0, REG3: 0, REG4: 0}
  DEBUG    root:machine.py:278 LD REG_CONST [1, 1] {TICK: 3, PC: 2, ALU_RES: 0, REG1: 104, REG2: 0, REG3: 0, REG4: 0}
  DEBUG    root:machine.py:278 PRINT REG [1] {TICK: 5, PC: 3, ALU_RES: 1, REG1: 101, REG2: 0, REG3: 0, REG4: 0}
  DEBUG    root:machine.py:278 LD REG_CONST [1, 2] {TICK: 6, PC: 4, ALU_RES: 1, REG1: 101, REG2: 0, REG3: 0, REG4: 0}
  DEBUG    root:machine.py:278 PRINT REG [1] {TICK: 8, PC: 5, ALU_RES: 2, REG1: 108, REG2: 0, REG3: 0, REG4: 0}
  DEBUG    root:machine.py:278 PRINT REG [1] {TICK: 9, PC: 6, ALU_RES: 2, REG1: 108, REG2: 0, REG3: 0, REG4: 0}
  DEBUG    root:machine.py:278 LD REG_CONST [1, 3] {TICK: 10, PC: 7, ALU_RES: 2, REG1: 108, REG2: 0, REG3: 0, REG4: 0}
  DEBUG    root:machine.py:278 PRINT REG [1] {TICK: 12, PC: 8, ALU_RES: 3, REG1: 111, REG2: 0, REG3: 0, REG4: 0}
  DEBUG    root:machine.py:278 LD REG_CONST [1, 4] {TICK: 13, PC: 9, ALU_RES: 3, REG1: 111, REG2: 0, REG3: 0, REG4: 0}
  DEBUG    root:machine.py:278 PRINT REG [1] {TICK: 15, PC: 10, ALU_RES: 4, REG1: 32, REG2: 0, REG3: 0, REG4: 0}
  DEBUG    root:machine.py:278 LD REG_CONST [1, 5] {TICK: 16, PC: 11, ALU_RES: 4, REG1: 32, REG2: 0, REG3: 0, REG4: 0}
  DEBUG    root:machine.py:278 PRINT REG [1] {TICK: 18, PC: 12, ALU_RES: 5, REG1: 119, REG2: 0, REG3: 0, REG4: 0}
  DEBUG    root:machine.py:278 LD REG_CONST [1, 3] {TICK: 19, PC: 13, ALU_RES: 5, REG1: 119, REG2: 0, REG3: 0, REG4: 0}
  DEBUG    root:machine.py:278 PRINT REG [1] {TICK: 21, PC: 14, ALU_RES: 3, REG1: 111, REG2: 0, REG3: 0, REG4: 0}
  DEBUG    root:machine.py:278 LD REG_CONST [1, 6] {TICK: 22, PC: 15, ALU_RES: 3, REG1: 111, REG2: 0, REG3: 0, REG4: 0}
  DEBUG    root:machine.py:278 PRINT REG [1] {TICK: 24, PC: 16, ALU_RES: 6, REG1: 114, REG2: 0, REG3: 0, REG4: 0}
  DEBUG    root:machine.py:278 LD REG_CONST [1, 2] {TICK: 25, PC: 17, ALU_RES: 6, REG1: 114, REG2: 0, REG3: 0, REG4: 0}
  DEBUG    root:machine.py:278 PRINT REG [1] {TICK: 27, PC: 18, ALU_RES: 2, REG1: 108, REG2: 0, REG3: 0, REG4: 0}
  DEBUG    root:machine.py:278 LD REG_CONST [1, 7] {TICK: 28, PC: 19, ALU_RES: 2, REG1: 108, REG2: 0, REG3: 0, REG4: 0}
  DEBUG    root:machine.py:278 PRINT REG [1] {TICK: 30, PC: 20, ALU_RES: 7, REG1: 100, REG2: 0, REG3: 0, REG4: 0}
  DEBUG    root:machine.py:278 HLT NONE [] {TICK: 31, PC: 21, ALU_RES: 7, REG1: 100, REG2: 0, REG3: 0, REG4: 0}
  INFO     root:machine.py:294 output_buffer: hello world
