source: |-
  section .data
  section .text
  start:
   read reg1
   print reg1
   jmp start
  end:
   hlt
code:
- '00000000000000000000000000000000'
- '00010000000000000000000011001100'
- '00010000000000000000000011001011'
- '11111111111111100000000000100110'
- '00000000000000000000000000000000'
