source: |-
  section .data
  h:
  	word 104
  e:
  	word 101
  l:
  	word 108
  o:
  	word 111
  space:
  	word 32
  w:
  	word 119
  r:
  	word 114
  d:
  	word 100
  section .text
  start:
      ld reg1, h
  	print reg1
  	ld reg1, e
  	print reg1
  	ld reg1, l
  	print reg1
  	print reg1
  	ld reg1, o
  	print reg1
  	ld reg1, space
  	print reg1
  	ld reg1, w
  	print reg1
  	ld reg1, o
  	print reg1
  	ld reg1, r
  	print reg1
  	ld reg1, l
  	print reg1
  	ld reg1, d
  	print reg1
  	hlt
code:
- '00000000000000000000000000001000'
- '00000000000000000000000001101000'
- '00000000000000000000000001100101'
- '00000000000000000000000001101100'
- '00000000000000000000000001101111'
- '00000000000000000000000000100000'
- '00000000000000000000000001110111'
- '00000000000000000000000001110010'
- '00000000000000000000000001100100'
- '00010000000000000000000001001001'
- '00010000000000000000000011001011'
- '00010000000000000001000001001001'
- '00010000000000000000000011001011'
- '00010000000000000010000001001001'
- '00010000000000000000000011001011'
- '00010000000000000000000011001011'
- '00010000000000000011000001001001'
- '00010000000000000000000011001011'
- '00010000000000000100000001001001'
- '00010000000000000000000011001011'
- '00010000000000000101000001001001'
- '00010000000000000000000011001011'
- '00010000000000000011000001001001'
- '00010000000000000000000011001011'
- '00010000000000000110000001001001'
- '00010000000000000000000011001011'
- '00010000000000000010000001001001'
- '00010000000000000000000011001011'
- '00010000000000000111000001001001'
- '00010000000000000000000011001011'
- '00000000000000000000000000000000'
